This is pdfTeX, Version 3.141592653-2.6-1.40.22 (TeX Live 2022/dev/Debian) (preloaded format=pdflatex 2026.9.27)  8 OCT 2026 19:22
entering extended mode
 restricted \write18 enabled.
 %&-line parsing enabled.
**paper.tex
(./paper.tex
LaTeX2e <2021-11-15> patch level 1
L3 programming layer <2022-01-21>
(/usr/share/texlive/texmf-dist/tex/latex/base/article.cls
Document Class: article 2021/10/04 v1.4n Standard LaTeX document class
(/usr/share/texlive/texmf-dist/tex/latex/base/size11.clo
File: size11.clo 2021/10/04 v1.4n Standard LaTeX file (size option)
)
\c@part=\count185
\c@section=\count186
\c@subsection=\count187
\c@subsubsection=\count188
\c@paragraph=\count189
\c@subparagraph=\count190
\c@figure=\count191
\c@table=\count192
\abovecaptionskip=\skip47
\belowcaptionskip=\skip48
\bibindent=\dimen138
)
(/usr/share/texlive/texmf-dist/tex/latex/geometry/geometry.sty
Package: geometry 2020/01/02 v5.9 Page Geometry

(/usr/share/texlive/texmf-dist/tex/latex/graphics/keyval.sty
Package: keyval 2014/10/28 v1.15 key=value parser (DPC)
\KV@toks@=\toks16
)
(/usr/share/texlive/texmf-dist/tex/generic/iftex/ifvtex.sty
Package: ifvtex 2019/10/25 v1.7 ifvtex legacy package. Use iftex instead.

(/usr/share/texlive/texmf-dist/tex/generic/iftex/iftex.sty
Package: iftex 2020/03/06 v1.0d TeX engine tests
))
\Gm@cnth=\count193
\Gm@cntv=\count194
\c@Gm@tempcnt=\count195
\Gm@bindingoffset=\dimen139
\Gm@wd@mp=\dimen140
\Gm@odd@mp=\dimen141
\Gm@even@mp=\dimen142
\Gm@layoutwidth=\dimen143
\Gm@layoutheight=\dimen144
\Gm@layouthoffset=\dimen145
\Gm@layoutvoffset=\dimen146
\Gm@dimlist=\toks17
)
(/usr/share/texlive/texmf-dist/tex/latex/psnfss/mathptmx.sty
Package: mathptmx 2020/03/25 PSNFSS-v9.3 Times w/ Math, improved (SPQR, WaS) 
LaTeX Font Info:    Redeclaring symbol font `operators' on input line 28.
LaTeX Font Info:    Overwriting symbol font `operators' in version `normal'
(Font)                  OT1/cmr/m/n --> OT1/ztmcm/m/n on input line 28.
LaTeX Font Info:    Overwriting symbol font `operators' in version `bold'
(Font)                  OT1/cmr/bx/n --> OT1/ztmcm/m/n on input line 28.
LaTeX Font Info:    Redeclaring symbol font `letters' on input line 29.
LaTeX Font Info:    Overwriting symbol font `letters' in version `normal'
(Font)                  OML/cmm/m/it --> OML/ztmcm/m/it on input line 29.
LaTeX Font Info:    Overwriting symbol font `letters' in version `bold'
(Font)                  OML/cmm/b/it --> OML/ztmcm/m/it on input line 29.
LaTeX Font Info:    Redeclaring symbol font `symbols' on input line 30.
LaTeX Font Info:    Overwriting symbol font `symbols' in version `normal'
(Font)                  OMS/cmsy/m/n --> OMS/ztmcm/m/n on input line 30.
LaTeX Font Info:    Overwriting symbol font `symbols' in version `bold'
(Font)                  OMS/cmsy/b/n --> OMS/ztmcm/m/n on input line 30.
LaTeX Font Info:    Redeclaring symbol font `largesymbols' on input line 31.
LaTeX Font Info:    Overwriting symbol font `largesymbols' in version `normal'
(Font)                  OMX/cmex/m/n --> OMX/ztmcm/m/n on input line 31.
LaTeX Font Info:    Overwriting symbol font `largesymbols' in version `bold'
(Font)                  OMX/cmex/m/n --> OMX/ztmcm/m/n on input line 31.
\symbold=\mathgroup4
\symitalic=\mathgroup5
LaTeX Font Info:    Redeclaring math alphabet \mathbf on input line 34.
LaTeX Font Info:    Overwriting math alphabet `\mathbf' in version `normal'
(Font)                  OT1/cmr/bx/n --> OT1/ptm/bx/n on input line 34.
LaTeX Font Info:    Overwriting math alphabet `\mathbf' in version `bold'
(Font)                  OT1/cmr/bx/n --> OT1/ptm/bx/n on input line 34.
LaTeX Font Info:    Redeclaring math alphabet \mathit on input line 35.
LaTeX Font Info:    Overwriting math alphabet `\mathit' in version `normal'
(Font)                  OT1/cmr/m/it --> OT1/ptm/m/it on input line 35.
LaTeX Font Info:    Overwriting math alphabet `\mathit' in version `bold'
(Font)                  OT1/cmr/bx/it --> OT1/ptm/m/it on input line 35.
LaTeX Info: Redefining \hbar on input line 50.
)
(/usr/share/texlive/texmf-dist/tex/latex/base/fontenc.sty
Package: fontenc 2021/04/29 v2.0v Standard LaTeX package
LaTeX Font Info:    Trying to load font information for T1+ptm on input line 11
2.

(/usr/share/texlive/texmf-dist/tex/latex/psnfss/t1ptm.fd
File: t1ptm.fd 2001/06/04 font definitions for T1/ptm.
))
(/usr/share/texlive/texmf-dist/tex/latex/graphics/graphicx.sty
Package: graphicx 2021/09/16 v1.2d Enhanced LaTeX Graphics (DPC,SPQR)

(/usr/share/texlive/texmf-dist/tex/latex/graphics/graphics.sty
Package: graphics 2021/03/04 v1.4d Standard LaTeX Graphics (DPC,SPQR)

(/usr/share/texlive/texmf-dist/tex/latex/graphics/trig.sty
Package: trig 2021/08/11 v1.11 sin cos tan (DPC)
)
(/usr/share/texlive/texmf-dist/tex/latex/graphics-cfg/graphics.cfg
File: graphics.cfg 2016/06/04 v1.11 sample graphics configuration
)
Package graphics Info: Driver file: pdftex.def on input line 107.

(/usr/share/texlive/texmf-dist/tex/latex/graphics-def/pdftex.def
File: pdftex.def 2020/10/05 v1.2a Graphics/color driver for pdftex
))
\Gin@req@height=\dimen147
\Gin@req@width=\dimen148
)
(/usr/share/texlive/texmf-dist/tex/latex/amsmath/amsmath.sty
Package: amsmath 2021/10/15 v2.17l AMS math features
\@mathmargin=\skip49

For additional information on amsmath, use the `?' option.
(/usr/share/texlive/texmf-dist/tex/latex/amsmath/amstext.sty
Package: amstext 2021/08/26 v2.01 AMS text

(/usr/share/texlive/texmf-dist/tex/latex/amsmath/amsgen.sty
File: amsgen.sty 1999/11/30 v2.0 generic functions
\@emptytoks=\toks18
\ex@=\dimen149
))
(/usr/share/texlive/texmf-dist/tex/latex/amsmath/amsbsy.sty
Package: amsbsy 1999/11/29 v1.2d Bold Symbols
\pmbraise@=\dimen150
)
(/usr/share/texlive/texmf-dist/tex/latex/amsmath/amsopn.sty
Package: amsopn 2021/08/26 v2.02 operator names
)
\inf@bad=\count196
LaTeX Info: Redefining \frac on input line 234.
\uproot@=\count197
\leftroot@=\count198
LaTeX Info: Redefining \overline on input line 399.
\classnum@=\count199
\DOTSCASE@=\count266
LaTeX Info: Redefining \ldots on input line 496.
LaTeX Info: Redefining \dots on input line 499.
LaTeX Info: Redefining \cdots on input line 620.
\Mathstrutbox@=\box50
\strutbox@=\box51
\big@size=\dimen151
LaTeX Font Info:    Redeclaring font encoding OML on input line 743.
LaTeX Font Info:    Redeclaring font encoding OMS on input line 744.
\macc@depth=\count267
\c@MaxMatrixCols=\count268
\dotsspace@=\muskip16
\c@parentequation=\count269
\dspbrk@lvl=\count270
\tag@help=\toks19
\row@=\count271
\column@=\count272
\maxfields@=\count273
\andhelp@=\toks20
\eqnshift@=\dimen152
\alignsep@=\dimen153
\tagshift@=\dimen154
\tagwidth@=\dimen155
\totwidth@=\dimen156
\lineht@=\dimen157
\@envbody=\toks21
\multlinegap=\skip50
\multlinetaggap=\skip51
\mathdisplay@stack=\toks22
LaTeX Info: Redefining \[ on input line 2938.
LaTeX Info: Redefining \] on input line 2939.
)
(/usr/share/texlive/texmf-dist/tex/latex/tools/longtable.sty
Package: longtable 2021-09-01 v4.17 Multi-page Table package (DPC)
\LTleft=\skip52
\LTright=\skip53
\LTpre=\skip54
\LTpost=\skip55
\LTchunksize=\count274
\LTcapwidth=\dimen158
\LT@head=\box52
\LT@firsthead=\box53
\LT@foot=\box54
\LT@lastfoot=\box55
\LT@gbox=\box56
\LT@cols=\count275
\LT@rows=\count276
\c@LT@tables=\count277
\c@LT@chunks=\count278
\LT@p@ftn=\toks23
)
(/usr/share/texlive/texmf-dist/tex/latex/tools/array.sty
Package: array 2021/10/04 v2.5f Tabular extension package (FMi)
\col@sep=\dimen159
\ar@mcellbox=\box57
\extrarowheight=\dimen160
\NC@list=\toks24
\extratabsurround=\skip56
\backup@length=\skip57
\ar@cellbox=\box58
)
(/usr/share/texlive/texmf-dist/tex/latex/graphics/color.sty
Package: color 2021/12/07 v1.3c Standard LaTeX Color (DPC)

(/usr/share/texlive/texmf-dist/tex/latex/graphics-cfg/color.cfg
File: color.cfg 2016/01/02 v1.6 sample color configuration
)
Package color Info: Driver file: pdftex.def on input line 149.
)
(/usr/share/texlive/texmf-dist/tex/latex/fancyhdr/fancyhdr.sty
Package: fancyhdr 2021/01/28 v4.0.1 Extensive control of page headers and foote
rs
\f@nch@headwidth=\skip58
\f@nch@O@elh=\skip59
\f@nch@O@erh=\skip60
\f@nch@O@olh=\skip61
\f@nch@O@orh=\skip62
\f@nch@O@elf=\skip63
\f@nch@O@erf=\skip64
\f@nch@O@olf=\skip65
\f@nch@O@orf=\skip66
)
(/usr/share/texlive/texmf-dist/tex/latex/url/url.sty
\Urlmuskip=\muskip17
Package: url 2013/09/16  ver 3.4  Verb mode for urls, etc.
)
(/usr/share/texlive/texmf-dist/tex/latex/l3backend/l3backend-pdftex.def
File: l3backend-pdftex.def 2022-01-12 L3 backend support: PDF output (pdfTeX)
\l__color_backend_stack_int=\count279
\l__pdf_internal_box=\box59
)
(./paper.aux)
\openout1 = `paper.aux'.

LaTeX Font Info:    Checking defaults for OML/cmm/m/it on input line 28.
LaTeX Font Info:    ... okay on input line 28.
LaTeX Font Info:    Checking defaults for OMS/cmsy/m/n on input line 28.
LaTeX Font Info:    ... okay on input line 28.
LaTeX Font Info:    Checking defaults for OT1/cmr/m/n on input line 28.
LaTeX Font Info:    ... okay on input line 28.
LaTeX Font Info:    Checking defaults for T1/cmr/m/n on input line 28.
LaTeX Font Info:    ... okay on input line 28.
LaTeX Font Info:    Checking defaults for TS1/cmr/m/n on input line 28.
LaTeX Font Info:    ... okay on input line 28.
LaTeX Font Info:    Checking defaults for OMX/cmex/m/n on input line 28.
LaTeX Font Info:    ... okay on input line 28.
LaTeX Font Info:    Checking defaults for U/cmr/m/n on input line 28.
LaTeX Font Info:    ... okay on input line 28.

*geometry* driver: auto-detecting
*geometry* detected driver: pdftex
*geometry* verbose mode - [ preamble ] result:
* driver: pdftex
* paper: <default>
* layout: <same size as paper>
* layoutoffset:(h,v)=(0.0pt,0.0pt)
* modes: 
* h-part:(L,W,R)=(73.97733pt, 466.34035pt, 73.97733pt)
* v-part:(T,H,B)=(73.97733pt, 647.01534pt, 73.97733pt)
* \paperwidth=614.295pt
* \paperheight=794.96999pt
* \textwidth=466.34035pt
* \textheight=647.01534pt
* \oddsidemargin=1.70734pt
* \evensidemargin=1.70734pt
* \topmargin=-35.29266pt
* \headheight=12.0pt
* \headsep=25.0pt
* \topskip=11.0pt
* \footskip=30.0pt
* \marginparwidth=59.0pt
* \marginparsep=10.0pt
* \columnsep=10.0pt
* \skip\footins=10.0pt plus 4.0pt minus 2.0pt
* \hoffset=0.0pt
* \voffset=0.0pt
* \mag=1000
* \@twocolumnfalse
* \@twosidefalse
* \@mparswitchfalse
* \@reversemarginfalse
* (1in=72.27pt=25.4mm, 1cm=28.453pt)

(/usr/share/texlive/texmf-dist/tex/context/base/mkii/supp-pdf.mkii
[Loading MPS to PDF converter (version 2006.09.02).]
\scratchcounter=\count280
\scratchdimen=\dimen161
\scratchbox=\box60
\nofMPsegments=\count281
\nofMParguments=\count282
\everyMPshowfont=\toks25
\MPscratchCnt=\count283
\MPscratchDim=\dimen162
\MPnumerator=\count284
\makeMPintoPDFobject=\count285
\everyMPtoPDFconversion=\toks26
) (/usr/share/texlive/texmf-dist/tex/latex/epstopdf-pkg/epstopdf-base.sty
Package: epstopdf-base 2020-01-24 v2.11 Base part for package epstopdf
Package epstopdf-base Info: Redefining graphics rule for `.eps' on input line 4
85.

(/usr/share/texlive/texmf-dist/tex/latex/latexconfig/epstopdf-sys.cfg
File: epstopdf-sys.cfg 2010/07/13 v1.3 Configuration of (r)epstopdf for TeX Liv
e
))
LaTeX Font Info:    Trying to load font information for OT1+ztmcm on input line
 29.

(/usr/share/texlive/texmf-dist/tex/latex/psnfss/ot1ztmcm.fd
File: ot1ztmcm.fd 2000/01/03 Fontinst v1.801 font definitions for OT1/ztmcm.
)
LaTeX Font Info:    Trying to load font information for OML+ztmcm on input line
 29.

(/usr/share/texlive/texmf-dist/tex/latex/psnfss/omlztmcm.fd
File: omlztmcm.fd 2000/01/03 Fontinst v1.801 font definitions for OML/ztmcm.
)
LaTeX Font Info:    Trying to load font information for OMS+ztmcm on input line
 29.

(/usr/share/texlive/texmf-dist/tex/latex/psnfss/omsztmcm.fd
File: omsztmcm.fd 2000/01/03 Fontinst v1.801 font definitions for OMS/ztmcm.
)
LaTeX Font Info:    Trying to load font information for OMX+ztmcm on input line
 29.

(/usr/share/texlive/texmf-dist/tex/latex/psnfss/omxztmcm.fd
File: omxztmcm.fd 2000/01/03 Fontinst v1.801 font definitions for OMX/ztmcm.
)
LaTeX Font Info:    Trying to load font information for OT1+ptm on input line 2
9.

(/usr/share/texlive/texmf-dist/tex/latex/psnfss/ot1ptm.fd
File: ot1ptm.fd 2001/06/04 font definitions for OT1/ptm.
)
LaTeX Font Info:    Font shape `OT1/ptm/bx/n' in size <12> not available
(Font)              Font shape `OT1/ptm/b/n' tried instead on input line 29.
LaTeX Font Info:    Font shape `OT1/ptm/bx/n' in size <9> not available
(Font)              Font shape `OT1/ptm/b/n' tried instead on input line 29.
LaTeX Font Info:    Font shape `OT1/ptm/bx/n' in size <7> not available
(Font)              Font shape `OT1/ptm/b/n' tried instead on input line 29.
LaTeX Font Info:    Trying to load font information for T1+cmtt on input line 2
9.

(/usr/share/texlive/texmf-dist/tex/latex/base/t1cmtt.fd
File: t1cmtt.fd 2019/12/16 v2.5j Standard LaTeX font definitions
)
LaTeX Font Info:    Font shape `OT1/ptm/bx/n' in size <10> not available
(Font)              Font shape `OT1/ptm/b/n' tried instead on input line 33.
LaTeX Font Info:    Font shape `OT1/ptm/bx/n' in size <7.4> not available
(Font)              Font shape `OT1/ptm/b/n' tried instead on input line 33.
LaTeX Font Info:    Font shape `OT1/ptm/bx/n' in size <6> not available
(Font)              Font shape `OT1/ptm/b/n' tried instead on input line 33.


Package fancyhdr Warning: \headheight is too small (12.0pt): 
(fancyhdr)                Make it at least 13.2pt, for example:
(fancyhdr)                \setlength{\headheight}{13.2pt}.
(fancyhdr)                You might also make \topmargin smaller to compensate:

(fancyhdr)                \addtolength{\topmargin}{-1.2pt}.

[1{/var/lib/texmf/fonts/map/pdftex/updmap/pdftex.map}

] (./paper.toc
LaTeX Font Info:    Font shape `OT1/ptm/bx/n' in size <10.95> not available
(Font)              Font shape `OT1/ptm/b/n' tried instead on input line 3.
LaTeX Font Info:    Font shape `OT1/ptm/bx/n' in size <8> not available
(Font)              Font shape `OT1/ptm/b/n' tried instead on input line 3.
)
\tf@toc=\write3
\openout3 = `paper.toc'.



Package fancyhdr Warning: \headheight is too small (12.0pt): 
(fancyhdr)                Make it at least 13.2pt, for example:
(fancyhdr)                \setlength{\headheight}{13.2pt}.
(fancyhdr)                You might also make \topmargin smaller to compensate:

(fancyhdr)                \addtolength{\topmargin}{-1.2pt}.

[2]
LaTeX Font Info:    Trying to load font information for TS1+ptm on input line 5
3.
 (/usr/share/texlive/texmf-dist/tex/latex/psnfss/ts1ptm.fd
File: ts1ptm.fd 2001/06/04 font definitions for TS1/ptm.
)

Package fancyhdr Warning: \headheight is too small (12.0pt): 
(fancyhdr)                Make it at least 13.2pt, for example:
(fancyhdr)                \setlength{\headheight}{13.2pt}.
(fancyhdr)                You might also make \topmargin smaller to compensate:

(fancyhdr)                \addtolength{\topmargin}{-1.2pt}.

[3]
Overfull \hbox (4.4261pt too wide) in paragraph at lines 54--55
[]\T1/ptm/b/n/10.95 Toxin in-ven-tory. \T1/ptm/m/n/10.95 UniPro-tKB query \T1/c
mtt/m/n/10.95 keyword:KW-0800 AND taxonomy:8570 \T1/ptm/m/n/10.95 (5,131 Ser-pe
ntes toxin
 []


Overfull \hbox (8.35849pt too wide) in paragraph at lines 55--56
[]\T1/ptm/b/n/10.95 Structure avail-abil-ity. \T1/ptm/m/n/10.95 A UniProt Al-ph
aFold DB cross-reference pull (4,644/5,131 tox-ins; 3,331/3,644
 []


Package fancyhdr Warning: \headheight is too small (12.0pt): 
(fancyhdr)                Make it at least 13.2pt, for example:
(fancyhdr)                \setlength{\headheight}{13.2pt}.
(fancyhdr)                You might also make \topmargin smaller to compensate:

(fancyhdr)                \addtolength{\topmargin}{-1.2pt}.

[4]
Overfull \hbox (107.80447pt too wide) in paragraph at lines 77--79
\T1/ptm/m/n/10.95 neigh-bor count within 10Å $\OMS/ztmcm/m/n/10.95 ^^T \OT1/ztm
cm/m/n/10.95 16$\T1/ptm/m/n/10.95 ) \T1/ptm/m/it/10.95 and \T1/ptm/m/n/10.95 sh
are the same physic-o-chem-i-cal class ($\OMS/ztmcm/m/n/10.95 f\OML/ztmcm/m/it/
10.95 AVLIM\OMS/ztmcm/m/n/10.95 g\OML/ztmcm/m/it/10.95 ; \OMS/ztmcm/m/n/10.95 f
\OML/ztmcm/m/it/10.95 FWY\OMS/ztmcm/m/n/10.95 g\OML/ztmcm/m/it/10.95 ; \OMS/ztm
cm/m/n/10.95 f\OML/ztmcm/m/it/10.95 STNQ\OMS/ztmcm/m/n/10.95 g\OML/ztmcm/m/it/1
0.95 ; \OMS/ztmcm/m/n/10.95 f\OML/ztmcm/m/it/10.95 KRH\OMS/ztmcm/m/n/10.95 g\OM
L/ztmcm/m/it/10.95 ; \OMS/ztmcm/m/n/10.95 f\OML/ztmcm/m/it/10.95 DE\OMS/ztmcm/m
/n/10.95 g\OML/ztmcm/m/it/10.95 ; \OMS/ztmcm/m/n/10.95 f\OML/ztmcm/m/it/10.95 C
GP\OMS/ztmcm/m/n/10.95 g$\T1/ptm/m/n/10.95 );
 []


Overfull \hbox (12.62875pt too wide) in paragraph at lines 83--84
[]\T1/ptm/m/n/10.95 Each short-listed pair's Al-phaFold DB v6 mod-els are su-pe
r-posed on the C$\OML/ztmcm/m/it/10.95 $ \T1/ptm/m/n/10.95 atoms of alignment-
correspondence
 []


Package fancyhdr Warning: \headheight is too small (12.0pt): 
(fancyhdr)                Make it at least 13.2pt, for example:
(fancyhdr)                \setlength{\headheight}{13.2pt}.
(fancyhdr)                You might also make \topmargin smaller to compensate:

(fancyhdr)                \addtolength{\topmargin}{-1.2pt}.

[5]

LaTeX Warning: `h' float specifier changed to `ht'.


Package fancyhdr Warning: \headheight is too small (12.0pt): 
(fancyhdr)                Make it at least 13.2pt, for example:
(fancyhdr)                \setlength{\headheight}{13.2pt}.
(fancyhdr)                You might also make \topmargin smaller to compensate:

(fancyhdr)                \addtolength{\topmargin}{-1.2pt}.

[6]
<figures/fig_pr_curves.png, id=32, 448.074pt x 332.08064pt>
File: figures/fig_pr_curves.png Graphic file (type png)
<use figures/fig_pr_curves.png>
Package pdftex.def Info: figures/fig_pr_curves.png  used on input line 107.
(pdftex.def)             Requested size: 373.0737pt x 276.49841pt.
<figures/fig_per_family.png, id=34, 614.295pt x 303.534pt>
File: figures/fig_per_family.png Graphic file (type png)
<use figures/fig_per_family.png>
Package pdftex.def Info: figures/fig_per_family.png  used on input line 109.
(pdftex.def)             Requested size: 443.0219pt x 218.90556pt.


LaTeX Warning: `h' float specifier changed to `ht'.

<figures/fig_calibration.png, id=35, 448.074pt x 303.534pt>
File: figures/fig_calibration.png Graphic file (type png)
<use figures/fig_calibration.png>
Package pdftex.def Info: figures/fig_calibration.png  used on input line 114.
(pdftex.def)             Requested size: 373.0737pt x 252.72977pt.
<figures/fig_score_vs_identity.png, id=36, 448.074pt x 332.08064pt>
File: figures/fig_score_vs_identity.png Graphic file (type png)
<use figures/fig_score_vs_identity.png>
Package pdftex.def Info: figures/fig_score_vs_identity.png  used on input line 
116.
(pdftex.def)             Requested size: 373.0737pt x 276.49841pt.

LaTeX Warning: `h' float specifier changed to `ht'.


LaTeX Warning: `h' float specifier changed to `ht'.

<figures/fig_target_coverage.png, id=37, 614.295pt x 303.534pt>
File: figures/fig_target_coverage.png Graphic file (type png)
<use figures/fig_target_coverage.png>
Package pdftex.def Info: figures/fig_target_coverage.png  used on input line 12
1.
(pdftex.def)             Requested size: 443.0219pt x 218.90556pt.

Package fancyhdr Warning: \headheight is too small (12.0pt): 
(fancyhdr)                Make it at least 13.2pt, for example:
(fancyhdr)                \setlength{\headheight}{13.2pt}.
(fancyhdr)                You might also make \topmargin smaller to compensate:

(fancyhdr)                \addtolength{\topmargin}{-1.2pt}.

[7 <./figures/fig_pr_curves.png>]

LaTeX Warning: `h' float specifier changed to `ht'.


Package fancyhdr Warning: \headheight is too small (12.0pt): 
(fancyhdr)                Make it at least 13.2pt, for example:
(fancyhdr)                \setlength{\headheight}{13.2pt}.
(fancyhdr)                You might also make \topmargin smaller to compensate:

(fancyhdr)                \addtolength{\topmargin}{-1.2pt}.

[8 <./figures/fig_per_family.png>]

Package fancyhdr Warning: \headheight is too small (12.0pt): 
(fancyhdr)                Make it at least 13.2pt, for example:
(fancyhdr)                \setlength{\headheight}{13.2pt}.
(fancyhdr)                You might also make \topmargin smaller to compensate:

(fancyhdr)                \addtolength{\topmargin}{-1.2pt}.

[9 <./figures/fig_calibration.png>]

Package fancyhdr Warning: \headheight is too small (12.0pt): 
(fancyhdr)                Make it at least 13.2pt, for example:
(fancyhdr)                \setlength{\headheight}{13.2pt}.
(fancyhdr)                You might also make \topmargin smaller to compensate:

(fancyhdr)                \addtolength{\topmargin}{-1.2pt}.

[10 <./figures/fig_score_vs_identity.png>]

Package fancyhdr Warning: \headheight is too small (12.0pt): 
(fancyhdr)                Make it at least 13.2pt, for example:
(fancyhdr)                \setlength{\headheight}{13.2pt}.
(fancyhdr)                You might also make \topmargin smaller to compensate:

(fancyhdr)                \addtolength{\topmargin}{-1.2pt}.

[11 <./figures/fig_target_coverage.png>]
<figures/fig_score_dist.png, id=60, 448.074pt x 289.08pt>
File: figures/fig_score_dist.png Graphic file (type png)
<use figures/fig_score_dist.png>
Package pdftex.def Info: figures/fig_score_dist.png  used on input line 208.
(pdftex.def)             Requested size: 335.76561pt x 216.62419pt.


LaTeX Warning: `h' float specifier changed to `ht'.

<figures/fig_plddt.png, id=61, 448.074pt x 289.08pt>
File: figures/fig_plddt.png Graphic file (type png)
<use figures/fig_plddt.png>
Package pdftex.def Info: figures/fig_plddt.png  used on input line 210.
(pdftex.def)             Requested size: 335.76561pt x 216.62419pt.

LaTeX Warning: `h' float specifier changed to `ht'.


Package fancyhdr Warning: \headheight is too small (12.0pt): 
(fancyhdr)                Make it at least 13.2pt, for example:
(fancyhdr)                \setlength{\headheight}{13.2pt}.
(fancyhdr)                You might also make \topmargin smaller to compensate:

(fancyhdr)                \addtolength{\topmargin}{-1.2pt}.

[12]

Package fancyhdr Warning: \headheight is too small (12.0pt): 
(fancyhdr)                Make it at least 13.2pt, for example:
(fancyhdr)                \setlength{\headheight}{13.2pt}.
(fancyhdr)                You might also make \topmargin smaller to compensate:

(fancyhdr)                \addtolength{\topmargin}{-1.2pt}.

[13 <./figures/fig_score_dist.png>]

Package fancyhdr Warning: \headheight is too small (12.0pt): 
(fancyhdr)                Make it at least 13.2pt, for example:
(fancyhdr)                \setlength{\headheight}{13.2pt}.
(fancyhdr)                You might also make \topmargin smaller to compensate:

(fancyhdr)                \addtolength{\topmargin}{-1.2pt}.

[14]
Overfull \hbox (12.32896pt too wide) in paragraph at lines 308--309
\T1/ptm/m/n/10.95 split) $\OMS/ztmcm/m/n/10.95 !$ \T1/cmtt/m/n/10.95 baseline_c
heck.py \T1/ptm/m/n/10.95 (base-line equiv-a-lence) $\OMS/ztmcm/m/n/10.95 !$ \T
1/cmtt/m/n/10.95 shortlist.py \T1/ptm/m/n/10.95 (se-quence stage) $\OMS/ztmcm/m
/n/10.95 !$ \T1/cmtt/m/n/10.95 fetch_afdb.py
 []


Package fancyhdr Warning: \headheight is too small (12.0pt): 
(fancyhdr)                Make it at least 13.2pt, for example:
(fancyhdr)                \setlength{\headheight}{13.2pt}.
(fancyhdr)                You might also make \topmargin smaller to compensate:

(fancyhdr)                \addtolength{\topmargin}{-1.2pt}.

[15]
Underfull \hbox (badness 1424) in paragraph at lines 311--312
[]\T1/ptm/m/n/10 WHO. Snakebite en-ven-om-ing (fact sheet). $\T1/cmtt/m/n/10 ht
tps : / / www . who . int / news-[]room / fact-[]sheets / detail /
 []


Underfull \hbox (badness 5954) in paragraph at lines 312--313
[]\T1/ptm/m/n/10 WHO. Guide-lines for the pro-duc-tion, con-trol and reg-u-la-t
ion of snake an-tivenom im-munoglob-u-
 []


Package fancyhdr Warning: \headheight is too small (12.0pt): 
(fancyhdr)                Make it at least 13.2pt, for example:
(fancyhdr)                \setlength{\headheight}{13.2pt}.
(fancyhdr)                You might also make \topmargin smaller to compensate:

(fancyhdr)                \addtolength{\topmargin}{-1.2pt}.

[16 <./figures/fig_plddt.png>]

Package fancyhdr Warning: \headheight is too small (12.0pt): 
(fancyhdr)                Make it at least 13.2pt, for example:
(fancyhdr)                \setlength{\headheight}{13.2pt}.
(fancyhdr)                You might also make \topmargin smaller to compensate:

(fancyhdr)                \addtolength{\topmargin}{-1.2pt}.

[17] (./paper.aux) ) 
Here is how much of TeX's memory you used:
 3599 strings out of 480247
 54666 string characters out of 5896151
 370050 words of memory out of 5000000
 21459 multiletter control sequences out of 15000+600000
 533377 words of font info for 123 fonts, out of 8000000 for 9000
 14 hyphenation exceptions out of 8191
 55i,18n,62p,2372b,428s stack positions out of 5000i,500n,10000p,200000b,80000s
 </home/sandbox/.texlive2021/texmf-var/fonts/pk/ljfour/jkna
ppen/ec/ectt1000.600pk>{/usr/share/texlive/texmf-dist/fonts/enc/dvips/base/8r.e
nc} </home/sandbox/.texlive2021/texmf-var/fonts/pk/ljfour/jknappen/ec/ectt1095.
600pk> </home/sandbox/.texlive2021/texmf-var/fonts/pk/ljfour/jknappen/ec/ectt12
00.600pk></usr/share/texlive/texmf-dist/fonts/type1/public/amsfonts/cm/cmex10.p
fb></usr/share/texlive/texmf-dist/fonts/type1/public/amsfonts/cm/cmmi10.pfb></u
sr/share/texlive/texmf-dist/fonts/type1/public/amsfonts/cm/cmr10.pfb></usr/shar
e/texlive/texmf-dist/fonts/type1/public/amsfonts/cm/cmsy10.pfb></usr/share/texl
ive/texmf-dist/fonts/type1/urw/symbol/usyr.pfb></usr/share/texlive/texmf-dist/f
onts/type1/urw/symbol/usyr.pfb></usr/share/texlive/texmf-dist/fonts/type1/urw/t
imes/utmb8a.pfb></usr/share/texlive/texmf-dist/fonts/type1/urw/times/utmbi8a.pf
b></usr/share/texlive/texmf-dist/fonts/type1/urw/times/utmr8a.pfb></usr/share/t
exlive/texmf-dist/fonts/type1/urw/times/utmri8a.pfb>
Output written on paper.pdf (17 pages, 703476 bytes).
PDF statistics:
 246 PDF objects out of 1000 (max. 8388607)
 83 compressed objects within 1 object stream
 0 named destinations out of 1000 (max. 500000)
 36 words of extra memory for PDF output out of 10000 (max. 10000000)

